// Jest Snapshot v1, https://goo.gl/fbAQLP

exports[`RestaurantCard renders correctly 1`] = `
<View
  accessible={true}
  focusable={true}
  isTVSelectable={true}
  onClick={[Function]}
  onResponderGrant={[Function]}
  onResponderMove={[Function]}
  onResponderRelease={[Function]}
  onResponderTerminate={[Function]}
  onResponderTerminationRequest={[Function]}
  onStartShouldSetResponder={[Function]}
  style={
    Object {
      "backgroundColor": "rgba(225, 225, 225, 0.3)",
      "borderRadius": 20,
      "elevation": 0,
      "flexDirection": "row",
      "height": 333.5,
      "marginVertical": 10,
      "opacity": 1,
      "overflow": "hidden",
      "width": 675,
    }
  }
>
  <Image
    source={
      Object {
        "uri": undefined,
      }
    }
    style={
      Object {
        "flex": 2,
        "height": 333.5,
        "width": 333.5,
      }
    }
  />
  <View
    style={
      Object {
        "flex": 3,
        "justifyContent": "space-evenly",
      }
    }
  >
    <Text
      style={
        Object {
          "color": "white",
          "fontSize": 22,
          "paddingLeft": 15,
          "textAlign": "left",
          "width": "100%",
        }
      }
    />
    <View
      style={
        Object {
          "paddingLeft": 15,
          "textAlign": "left",
          "width": "100%",
        }
      }
    >
      <Text
        style={
          Object {
            "color": "white",
            "fontSize": 16,
          }
        }
      />
    </View>
    <View
      style={
        Object {
          "alignSelf": "flex-end",
          "backgroundColor": "white",
          "borderRadius": 20,
          "height": 30,
          "justifyContent": "center",
          "marginRight": 20,
          "width": 70,
        }
      }
    >
      <Text
        style={
          Object {
            "color": "green",
            "fontSize": 16,
            "textAlign": "center",
          }
        }
      >
        Open
      </Text>
    </View>
    <View
      style={
        Object {
          "flexDirection": "row",
          "justifyContent": "space-evenly",
          "width": "100%",
        }
      }
    >
      <Text
        style={
          Object {
            "color": "white",
            "fontSize": 16,
          }
        }
      >
        NaN
         miles
      </Text>
      <Text
        style={
          Object {
            "color": "white",
            "fontSize": 16,
          }
        }
      >
        Tap To View
      </Text>
    </View>
  </View>
</View>
`;
